src/app/(storefront)/[tenantId]/about/page.tsx(34,81): error TS2554: Expected 2-3 arguments, but got 5.
src/app/(storefront)/[tenantId]/about/page.tsx(39,81): error TS2554: Expected 2-3 arguments, but got 5.
src/app/(storefront)/[tenantId]/about/page.tsx(45,63): error TS2554: Expected 2 arguments, but got 6.
src/app/(storefront)/[tenantId]/contact/page.tsx(39,81): error TS2554: Expected 2-3 arguments, but got 5.
src/app/(storefront)/[tenantId]/contact/page.tsx(44,81): error TS2554: Expected 2-3 arguments, but got 5.
src/app/(storefront)/[tenantId]/contact/page.tsx(49,83): error TS2554: Expected 2-3 arguments, but got 5.
src/app/(storefront)/[tenantId]/page.tsx(23,74): error TS2305: Module '"@/lib/firebaseWrapper"' has no exported member 'onSnapshot'.
src/app/(storefront)/[tenantId]/page.tsx(78,77): error TS2554: Expected 2-3 arguments, but got 5.
src/app/(storefront)/[tenantId]/page.tsx(78,98): error TS7006: Parameter 'doc' implicitly has an 'any' type.
src/app/(storefront)/[tenantId]/page.tsx(86,77): error TS2554: Expected 2-3 arguments, but got 5.
src/app/(storefront)/[tenantId]/page.tsx(86,98): error TS7006: Parameter 'doc' implicitly has an 'any' type.
src/app/(storefront)/[tenantId]/page.tsx(94,76): error TS2554: Expected 2-3 arguments, but got 5.
src/app/(storefront)/[tenantId]/page.tsx(94,95): error TS7006: Parameter 'doc' implicitly has an 'any' type.
src/app/(storefront)/[tenantId]/page.tsx(103,47): error TS2554: Expected 2 arguments, but got 6.
src/app/(storefront)/[tenantId]/page.tsx(106,68): error TS7006: Parameter 'snapshot' implicitly has an 'any' type.
src/app/(storefront)/[tenantId]/page.tsx(108,30): error TS7006: Parameter 'doc' implicitly has an 'any' type.
src/app/(storefront)/[tenantId]/page.tsx(112,33): error TS7006: Parameter 'p' implicitly has an 'any' type.
src/app/(storefront)/[tenantId]/page.tsx(115,21): error TS7006: Parameter 'error' implicitly has an 'any' type.
src/app/(storefront)/[tenantId]/page.tsx(122,47): error TS2554: Expected 2 arguments, but got 6.
src/app/(storefront)/[tenantId]/page.tsx(125,74): error TS7006: Parameter 'snapshot' implicitly has an 'any' type.
src/app/(storefront)/[tenantId]/page.tsx(127,30): error TS7006: Parameter 'doc' implicitly has an 'any' type.
src/app/(storefront)/[tenantId]/page.tsx(131,33): error TS7006: Parameter 't' implicitly has an 'any' type.
src/app/(storefront)/[tenantId]/page.tsx(134,21): error TS7006: Parameter 'error' implicitly has an 'any' type.
src/app/(storefront)/[tenantId]/page.tsx(140,79): error TS2554: Expected 2-3 arguments, but got 5.
src/app/(storefront)/[tenantId]/page.tsx(140,101): error TS7006: Parameter 'doc' implicitly has an 'any' type.
src/app/(storefront)/[tenantId]/portfolio/page.tsx(6,38): error TS2305: Module '"@/lib/firebaseWrapper"' has no exported member 'onSnapshot'.
src/app/(storefront)/[tenantId]/portfolio/page.tsx(38,81): error TS2554: Expected 2-3 arguments, but got 5.
src/app/(storefront)/[tenantId]/portfolio/page.tsx(38,102): error TS7006: Parameter 'doc' implicitly has an 'any' type.
src/app/(storefront)/[tenantId]/portfolio/page.tsx(46,67): error TS2554: Expected 2 arguments, but got 6.
src/app/(storefront)/[tenantId]/portfolio/page.tsx(48,58): error TS7006: Parameter 'snapshot' implicitly has an 'any' type.
src/app/(storefront)/[tenantId]/portfolio/page.tsx(49,65): error TS7006: Parameter 'doc' implicitly has an 'any' type.
src/app/(storefront)/[tenantId]/testimonials/page.tsx(6,38): error TS2305: Module '"@/lib/firebaseWrapper"' has no exported member 'onSnapshot'.
src/app/(storefront)/[tenantId]/testimonials/page.tsx(36,81): error TS2554: Expected 2-3 arguments, but got 5.
src/app/(storefront)/[tenantId]/testimonials/page.tsx(36,102): error TS7006: Parameter 'doc' implicitly has an 'any' type.
src/app/(storefront)/[tenantId]/testimonials/page.tsx(44,71): error TS2554: Expected 2 arguments, but got 6.
src/app/(storefront)/[tenantId]/testimonials/page.tsx(46,62): error TS7006: Parameter 'snapshot' implicitly has an 'any' type.
src/app/(storefront)/[tenantId]/testimonials/page.tsx(47,69): error TS7006: Parameter 'doc' implicitly has an 'any' type.
src/app/(super-admin)/admin/signup/page.tsx(67,43): error TS18047: 'userCredential.user' is possibly 'null'.
src/app/(super-admin)/admin/signup/page.tsx(67,63): error TS2339: Property 'uid' does not exist on type 'User'.
src/app/(super-admin)/admin/signup/page.tsx(68,22): error TS18047: 'userCredential.user' is possibly 'null'.
src/app/(super-admin)/admin/signup/page.tsx(68,42): error TS2339: Property 'uid' does not exist on type 'User'.
src/app/(tenant-admin)/dashboard/consultation-requests/page.tsx(43,64): error TS2554: Expected 2 arguments, but got 4.
src/app/(tenant-admin)/dashboard/employees/page.tsx(29,5): error TS2305: Module '"@/lib/firebaseWrapper"' has no exported member 'onSnapshot'.
src/app/(tenant-admin)/dashboard/employees/page.tsx(78,39): error TS2554: Expected 2 arguments, but got 4.
src/app/(tenant-admin)/dashboard/employees/page.tsx(82,44): error TS7006: Parameter 'snapshot' implicitly has an 'any' type.
src/app/(tenant-admin)/dashboard/employees/page.tsx(83,47): error TS7006: Parameter 'doc' implicitly has an 'any' type.
src/app/(tenant-admin)/dashboard/employees/page.tsx(89,13): error TS7006: Parameter 'error' implicitly has an 'any' type.
src/app/(tenant-admin)/dashboard/employees/page.tsx(133,62): error TS2554: Expected 2-3 arguments, but got 5.
src/app/(tenant-admin)/dashboard/employees/page.tsx(141,56): error TS2554: Expected 2 arguments, but got 4.
src/app/(tenant-admin)/dashboard/employees/page.tsx(163,59): error TS2554: Expected 2-3 arguments, but got 5.
src/app/(tenant-admin)/dashboard/orders/page.tsx(52,64): error TS2554: Expected 2 arguments, but got 4.
src/app/(tenant-admin)/dashboard/settings/cities/page.tsx(16,63): error TS2339: Property 'updateCities' does not exist on type '{ cities: City[]; loading: boolean; saving: boolean; addCity: (name: string) => Promise<boolean>; updateCity: (id: string, updates: Partial<City>) => Promise<boolean>; deleteCity: (id: string) => Promise<...>; toggleCity: (id: string, currentStatus: boolean) => Promise<...>; }'.
src/app/(tenant-admin)/dashboard/settings/cities/page.tsx(41,15): error TS2554: Expected 2 arguments, but got 1.
src/app/(tenant-admin)/forgot-password/page.tsx(10,10): error TS2305: Module '"@/lib/firebaseWrapper"' has no exported member 'sendPasswordResetEmail'.
src/app/(tenant-admin)/login/page.tsx(13,10): error TS2724: '"@/lib/firebaseWrapper"' has no exported member named 'collectionGroup'. Did you mean 'collection'?
src/app/(tenant-admin)/login/page.tsx(71,27): error TS2339: Property 'forEach' does not exist on type '{ empty: boolean; docs: { id: any; data: () => any; exists: () => true; }[]; }'.
src/app/(tenant-admin)/login/page.tsx(71,36): error TS7006: Parameter 'doc' implicitly has an 'any' type.
src/app/(tenant-admin)/signup/page.tsx(67,22): error TS18047: 'userCredential.user' is possibly 'null'.
src/app/(tenant-admin)/signup/page.tsx(67,42): error TS2339: Property 'uid' does not exist on type 'User'.
src/app/api/upload/route.ts(3,10): error TS2305: Module '"@/lib/firebaseWrapper"' has no exported member 'ref'.
src/app/api/upload/route.ts(3,15): error TS2305: Module '"@/lib/firebaseWrapper"' has no exported member 'uploadBytes'.
src/app/api/upload/route.ts(3,28): error TS2305: Module '"@/lib/firebaseWrapper"' has no exported member 'getDownloadURL'.
src/app/employee-dashboard/page.tsx(6,15): error TS2305: Module '"@/lib/firebaseWrapper"' has no exported member 'onSnapshot'.
src/app/employee-dashboard/page.tsx(6,83): error TS2305: Module '"@/lib/firebaseWrapper"' has no exported member 'arrayUnion'.
src/app/employee-dashboard/page.tsx(6,95): error TS2305: Module '"@/lib/firebaseWrapper"' has no exported member 'writeBatch'.
src/app/employee-dashboard/page.tsx(114,71): error TS2554: Expected 2-3 arguments, but got 5.
src/app/employee-dashboard/page.tsx(114,90): error TS7006: Parameter 'docSnap' implicitly has an 'any' type.
src/app/employee-dashboard/page.tsx(126,39): error TS2554: Expected 2 arguments, but got 4.
src/app/employee-dashboard/page.tsx(128,54): error TS7006: Parameter 'snapshot' implicitly has an 'any' type.
src/app/employee-dashboard/page.tsx(129,47): error TS7006: Parameter 'doc' implicitly has an 'any' type.
src/app/employee-dashboard/page.tsx(133,29): error TS7006: Parameter 'o' implicitly has an 'any' type.
src/app/employee-dashboard/page.tsx(135,43): error TS7006: Parameter 'o' implicitly has an 'any' type.
src/app/employee-dashboard/page.tsx(138,26): error TS7006: Parameter 'a' implicitly has an 'any' type.
src/app/employee-dashboard/page.tsx(138,29): error TS7006: Parameter 'b' implicitly has an 'any' type.
src/app/employee-dashboard/page.tsx(140,13): error TS7006: Parameter 'error' implicitly has an 'any' type.
src/app/employee-dashboard/page.tsx(152,58): error TS7006: Parameter 'snapshot' implicitly has an 'any' type.
src/app/employee-dashboard/page.tsx(153,47): error TS7006: Parameter 'doc' implicitly has an 'any' type.
src/app/employee-dashboard/page.tsx(155,43): error TS7006: Parameter 'r' implicitly has an 'any' type.
src/app/employee-dashboard/page.tsx(158,26): error TS7006: Parameter 'a' implicitly has an 'any' type.
src/app/employee-dashboard/page.tsx(158,29): error TS7006: Parameter 'b' implicitly has an 'any' type.
src/app/employee-dashboard/page.tsx(160,13): error TS7006: Parameter 'error' implicitly has an 'any' type.
src/app/employee-dashboard/page.tsx(170,76): error TS2554: Expected 2-3 arguments, but got 5.
src/app/employee-dashboard/page.tsx(234,75): error TS2554: Expected 2-3 arguments, but got 5.
src/app/employee-dashboard/page.tsx(243,75): error TS2554: Expected 2-3 arguments, but got 5.
src/app/employee-register/page.tsx(91,60): error TS2554: Expected 2 arguments, but got 4.
src/components/AddCompanyDialog.tsx(15,10): error TS2305: Module '"@/lib/firebaseWrapper"' has no exported member 'initializeApp'.
src/components/AddCompanyDialog.tsx(15,25): error TS2305: Module '"@/lib/firebaseWrapper"' has no exported member 'deleteApp'.
src/components/AddCompanyDialog.tsx(15,36): error TS2305: Module '"@/lib/firebaseWrapper"' has no exported member 'getApps'.
src/components/AddCompanyDialog.tsx(16,10): error TS2305: Module '"@/lib/firebaseWrapper"' has no exported member 'getAuth'.
src/components/AddCompanyDialog.tsx(17,10): error TS2305: Module '"@/lib/firebase"' has no exported member 'firebaseConfig'.
src/components/AddCompanyDialog.tsx(91,27): error TS18047: 'userCredential.user' is possibly 'null'.
src/components/AddCompanyDialog.tsx(91,47): error TS2339: Property 'uid' does not exist on type 'User'.
src/hooks/useAdminAuth.ts(5,67): error TS2305: Module '"@/lib/firebaseWrapper"' has no exported member 'User'.
src/hooks/useAdminAuth.ts(15,61): error TS7006: Parameter 'firebaseUser' implicitly has an 'any' type.
src/hooks/useCities.ts(7,5): error TS2305: Module '"@/lib/firebaseWrapper"' has no exported member 'onSnapshot'.
src/hooks/useCities.ts(36,53): error TS2554: Expected 2 arguments, but got 4.
src/hooks/useCities.ts(41,14): error TS7006: Parameter 'snapshot' implicitly has an 'any' type.
src/hooks/useCities.ts(42,53): error TS7006: Parameter 'doc' implicitly has an 'any' type.
src/hooks/useCities.ts(49,14): error TS7006: Parameter 'error' implicitly has an 'any' type.
src/hooks/useCities.ts(62,52): error TS2554: Expected 2 arguments, but got 4.
src/hooks/useCities.ts(80,58): error TS2554: Expected 2-3 arguments, but got 5.
src/hooks/useCities.ts(94,58): error TS2554: Expected 2-3 arguments, but got 5.
src/hooks/useCompanies.ts(5,22): error TS2305: Module '"@/lib/firebaseWrapper"' has no exported member 'onSnapshot'.
src/hooks/useCompanies.ts(18,44): error TS7006: Parameter 'snapshot' implicitly has an 'any' type.
src/hooks/useCompanies.ts(21,31): error TS7006: Parameter 'doc' implicitly has an 'any' type.
src/hooks/useConsultations.ts(5,36): error TS2305: Module '"@/lib/firebaseWrapper"' has no exported member 'onSnapshot'.
src/hooks/useConsultations.ts(48,14): error TS7006: Parameter 'snapshot' implicitly has an 'any' type.
src/hooks/useConsultations.ts(49,56): error TS7006: Parameter 'doc' implicitly has an 'any' type.
src/hooks/useConsultations.ts(76,14): error TS7006: Parameter 'error' implicitly has an 'any' type.
src/hooks/useCustomerAuth.ts(8,5): error TS2305: Module '"@/lib/firebaseWrapper"' has no exported member 'signInWithPopup'.
src/hooks/useCustomerAuth.ts(9,5): error TS2305: Module '"@/lib/firebaseWrapper"' has no exported member 'GoogleAuthProvider'.
src/hooks/useCustomerAuth.ts(11,5): error TS2305: Module '"@/lib/firebaseWrapper"' has no exported member 'sendPasswordResetEmail'.
src/hooks/useCustomerAuth.ts(13,5): error TS2305: Module '"@/lib/firebaseWrapper"' has no exported member 'User'.
src/hooks/useCustomerAuth.ts(40,61): error TS7006: Parameter 'user' implicitly has an 'any' type.
src/hooks/useCustomerAuth.ts(86,75): error TS2339: Property 'uid' does not exist on type 'User'.
src/hooks/useCustomerAuth.ts(89,59): error TS2339: Property 'uid' does not exist on type 'User'.
src/hooks/useCustomerAuth.ts(94,44): error TS2339: Property 'uid' does not exist on type 'User'.
src/hooks/useCustomerAuth.ts(98,51): error TS2339: Property 'uid' does not exist on type 'User'.
src/hooks/useCustomerAuth.ts(109,39): error TS18047: 'result.user' is possibly 'null'.
src/hooks/useCustomerAuth.ts(109,51): error TS2339: Property 'uid' does not exist on type 'User'.
src/hooks/useCustomerAuth.ts(110,18): error TS18047: 'result.user' is possibly 'null'.
src/hooks/useCustomerAuth.ts(110,30): error TS2339: Property 'uid' does not exist on type 'User'.
src/hooks/useCustomerAuth.ts(122,18): error TS18047: 'result.user' is possibly 'null'.
src/hooks/useCustomerAuth.ts(122,30): error TS2339: Property 'uid' does not exist on type 'User'.
src/hooks/useCustomerAuth.ts(130,43): error TS18047: 'result.user' is possibly 'null'.
src/hooks/useCustomerAuth.ts(130,55): error TS2339: Property 'uid' does not exist on type 'User'.
src/hooks/useCustomerAuth.ts(134,18): error TS18047: 'result.user' is possibly 'null'.
src/hooks/useCustomerAuth.ts(134,30): error TS2339: Property 'uid' does not exist on type 'User'.
src/hooks/useEstimates.ts(5,36): error TS2305: Module '"@/lib/firebaseWrapper"' has no exported member 'onSnapshot'.
src/hooks/useEstimates.ts(37,44): error TS7006: Parameter 'snapshot' implicitly has an 'any' type.
src/hooks/useEstimates.ts(38,53): error TS7006: Parameter 'doc' implicitly has an 'any' type.
src/hooks/useOrders.ts(5,36): error TS2305: Module '"@/lib/firebaseWrapper"' has no exported member 'onSnapshot'.
src/hooks/useOrders.ts(5,73): error TS2305: Module '"@/lib/firebaseWrapper"' has no exported member 'arrayUnion'.
src/hooks/useOrders.ts(79,14): error TS7006: Parameter 'snapshot' implicitly has an 'any' type.
src/hooks/useOrders.ts(80,54): error TS7006: Parameter 'doc' implicitly has an 'any' type.
src/hooks/useOrders.ts(112,14): error TS7006: Parameter 'error' implicitly has an 'any' type.
src/hooks/usePendingApprovals.ts(5,36): error TS2305: Module '"@/lib/firebaseWrapper"' has no exported member 'onSnapshot'.
src/hooks/usePendingApprovals.ts(23,44): error TS7006: Parameter 'snapshot' implicitly has an 'any' type.
src/hooks/usePendingApprovals.ts(26,31): error TS7006: Parameter 'doc' implicitly has an 'any' type.
src/hooks/usePendingApprovals.ts(32,44): error TS2339: Property 'toMillis' does not exist on type 'Timestamp'.
src/hooks/usePendingApprovals.ts(32,67): error TS2339: Property 'toMillis' does not exist on type 'Timestamp'.
src/hooks/usePendingApprovals.ts(33,44): error TS2339: Property 'toMillis' does not exist on type 'Timestamp'.
src/hooks/usePendingApprovals.ts(33,67): error TS2339: Property 'toMillis' does not exist on type 'Timestamp'.
src/hooks/usePlatformStats.ts(5,22): error TS2305: Module '"@/lib/firebaseWrapper"' has no exported member 'onSnapshot'.
src/hooks/usePlatformStats.ts(35,53): error TS7006: Parameter 'snapshot' implicitly has an 'any' type.
src/hooks/usePlatformStats.ts(38,31): error TS7006: Parameter 'doc' implicitly has an 'any' type.
src/hooks/usePortfolio.ts(3,36): error TS2305: Module '"@/lib/firebaseWrapper"' has no exported member 'onSnapshot'.
src/hooks/usePortfolio.ts(31,44): error TS7006: Parameter 'snapshot' implicitly has an 'any' type.
src/hooks/usePortfolio.ts(32,52): error TS7006: Parameter 'doc' implicitly has an 'any' type.
src/hooks/usePricingConfig.ts(5,15): error TS2305: Module '"@/lib/firebaseWrapper"' has no exported member 'onSnapshot'.
src/hooks/usePricingConfig.ts(358,52): error TS7006: Parameter 'snapshot' implicitly has an 'any' type.
src/hooks/usePricingConfig.ts(379,13): error TS7006: Parameter 'err' implicitly has an 'any' type.
src/hooks/useRecentActivity.ts(5,45): error TS2305: Module '"@/lib/firebaseWrapper"' has no exported member 'onSnapshot'.
src/hooks/useRecentActivity.ts(24,44): error TS7006: Parameter 'snapshot' implicitly has an 'any' type.
src/hooks/useRecentActivity.ts(27,31): error TS7006: Parameter 'doc' implicitly has an 'any' type.
src/hooks/useStorefrontOrders.ts(5,36): error TS2305: Module '"@/lib/firebaseWrapper"' has no exported member 'onSnapshot'.
src/hooks/useStorefrontOrders.ts(34,14): error TS7006: Parameter 'snapshot' implicitly has an 'any' type.
src/hooks/useStorefrontOrders.ts(35,54): error TS7006: Parameter 'doc' implicitly has an 'any' type.
src/hooks/useStorefrontOrders.ts(54,14): error TS7006: Parameter 'error' implicitly has an 'any' type.
src/hooks/useTenantAuth.ts(5,67): error TS2305: Module '"@/lib/firebaseWrapper"' has no exported member 'User'.
src/hooks/useTenantAuth.ts(26,61): error TS7006: Parameter 'firebaseUser' implicitly has an 'any' type.
src/hooks/useTenantAuth.ts(122,67): error TS2339: Property 'uid' does not exist on type 'User'.
src/hooks/useTenantAuth.ts(123,46): error TS2339: Property 'uid' does not exist on type 'User'.
src/hooks/useTenantAuth.ts(126,51): error TS2339: Property 'uid' does not exist on type 'User'.
src/hooks/useTenantDashboard.ts(5,15): error TS2305: Module '"@/lib/firebaseWrapper"' has no exported member 'onSnapshot'.
src/hooks/useTenantDashboard.ts(128,73): error TS2339: Property 'toMillis' does not exist on type 'Timestamp'.
src/hooks/useTenantDashboard.ts(135,72): error TS2339: Property 'toMillis' does not exist on type 'Timestamp'.
src/hooks/useTenantDashboard.ts(139,55): error TS2339: Property 'size' does not exist on type '{ empty: boolean; docs: { id: any; data: () => any; exists: () => true; }[]; }'.
src/hooks/useTenantDashboard.ts(140,49): error TS2339: Property 'size' does not exist on type '{ empty: boolean; docs: { id: any; data: () => any; exists: () => true; }[]; }'.
src/hooks/useTenantDashboard.ts(141,60): error TS2339: Property 'size' does not exist on type '{ empty: boolean; docs: { id: any; data: () => any; exists: () => true; }[]; }'.
src/hooks/useTenantDashboard.ts(159,58): error TS7006: Parameter 'snapshot' implicitly has an 'any' type.
src/hooks/useUserRole.ts(5,30): error TS2305: Module '"@/lib/firebaseWrapper"' has no exported member 'User'.
src/hooks/useUserRole.ts(23,61): error TS7006: Parameter 'firebaseUser' implicitly has an 'any' type.
src/hooks/useWebsiteBuilder.ts(8,5): error TS2305: Module '"@/lib/firebaseWrapper"' has no exported member 'onSnapshot'.
src/hooks/useWebsiteBuilder.ts(18,10): error TS2305: Module '"@/lib/firebaseWrapper"' has no exported member 'ref'.
src/hooks/useWebsiteBuilder.ts(18,15): error TS2305: Module '"@/lib/firebaseWrapper"' has no exported member 'uploadBytes'.
src/hooks/useWebsiteBuilder.ts(18,28): error TS2305: Module '"@/lib/firebaseWrapper"' has no exported member 'getDownloadURL'.
src/hooks/useWebsiteBuilder.ts(47,55): error TS2554: Expected 2-3 arguments, but got 5.
src/hooks/useWebsiteBuilder.ts(50,14): error TS7006: Parameter 'snapshot' implicitly has an 'any' type.
src/hooks/useWebsiteBuilder.ts(65,14): error TS7006: Parameter 'error' implicitly has an 'any' type.
src/hooks/useWebsiteBuilder.ts(79,59): error TS2554: Expected 2-3 arguments, but got 5.
src/hooks/useWebsiteBuilder.ts(148,55): error TS2554: Expected 2-3 arguments, but got 5.
src/hooks/useWebsiteBuilder.ts(151,14): error TS7006: Parameter 'snapshot' implicitly has an 'any' type.
src/hooks/useWebsiteBuilder.ts(166,14): error TS7006: Parameter 'error' implicitly has an 'any' type.
src/hooks/useWebsiteBuilder.ts(180,59): error TS2554: Expected 2-3 arguments, but got 5.
src/hooks/useWebsiteBuilder.ts(215,54): error TS2554: Expected 2-3 arguments, but got 5.
src/hooks/useWebsiteBuilder.ts(218,14): error TS7006: Parameter 'snapshot' implicitly has an 'any' type.
src/hooks/useWebsiteBuilder.ts(241,14): error TS7006: Parameter 'error' implicitly has an 'any' type.
src/hooks/useWebsiteBuilder.ts(257,58): error TS2554: Expected 2-3 arguments, but got 5.
src/hooks/useWebsiteBuilder.ts(465,55): error TS2554: Expected 2 arguments, but got 6.
src/hooks/useWebsiteBuilder.ts(470,14): error TS7006: Parameter 'snapshot' implicitly has an 'any' type.
src/hooks/useWebsiteBuilder.ts(471,57): error TS7006: Parameter 'doc' implicitly has an 'any' type.
src/hooks/useWebsiteBuilder.ts(478,14): error TS7006: Parameter 'error' implicitly has an 'any' type.
src/hooks/useWebsiteBuilder.ts(494,59): error TS2554: Expected 2 arguments, but got 6.
src/hooks/useWebsiteBuilder.ts(517,61): error TS2554: Expected 2-3 arguments, but got 7.
src/hooks/useWebsiteBuilder.ts(533,61): error TS2554: Expected 2-3 arguments, but got 7.
src/hooks/useWebsiteBuilder.ts(598,13): error TS2554: Expected 2 arguments, but got 6.
src/hooks/useWebsiteBuilder.ts(607,14): error TS7006: Parameter 'snapshot' implicitly has an 'any' type.
src/hooks/useWebsiteBuilder.ts(608,61): error TS7006: Parameter 'doc' implicitly has an 'any' type.
src/hooks/useWebsiteBuilder.ts(615,14): error TS7006: Parameter 'error' implicitly has an 'any' type.
src/hooks/useWebsiteBuilder.ts(634,17): error TS2554: Expected 2 arguments, but got 6.
src/hooks/useWebsiteBuilder.ts(665,17): error TS2554: Expected 2-3 arguments, but got 7.
src/hooks/useWebsiteBuilder.ts(689,17): error TS2554: Expected 2-3 arguments, but got 7.
src/hooks/useWebsiteBuilder.ts(755,55): error TS2554: Expected 2-3 arguments, but got 5.
src/hooks/useWebsiteBuilder.ts(758,14): error TS7006: Parameter 'snapshot' implicitly has an 'any' type.
src/hooks/useWebsiteBuilder.ts(779,14): error TS7006: Parameter 'error' implicitly has an 'any' type.
src/hooks/useWebsiteBuilder.ts(795,59): error TS2554: Expected 2-3 arguments, but got 5.
src/hooks/useWebsiteBuilder.ts(862,57): error TS2554: Expected 2-3 arguments, but got 5.
src/hooks/useWebsiteBuilder.ts(865,14): error TS7006: Parameter 'snapshot' implicitly has an 'any' type.
src/hooks/useWebsiteBuilder.ts(880,14): error TS7006: Parameter 'error' implicitly has an 'any' type.
src/hooks/useWebsiteBuilder.ts(896,61): error TS2554: Expected 2-3 arguments, but got 5.
src/hooks/useWebsiteBuilder.ts(936,51): error TS2554: Expected 2 arguments, but got 6.
src/hooks/useWebsiteBuilder.ts(941,14): error TS7006: Parameter 'snapshot' implicitly has an 'any' type.
src/hooks/useWebsiteBuilder.ts(942,53): error TS7006: Parameter 'doc' implicitly has an 'any' type.
src/hooks/useWebsiteBuilder.ts(949,14): error TS7006: Parameter 'error' implicitly has an 'any' type.
src/hooks/useWebsiteBuilder.ts(965,55): error TS2554: Expected 2 arguments, but got 6.
src/hooks/useWebsiteBuilder.ts(992,17): error TS2554: Expected 2-3 arguments, but got 7.
src/hooks/useWebsiteBuilder.ts(1016,17): error TS2554: Expected 2-3 arguments, but got 7.
src/hooks/useWebsiteConfig.ts(5,15): error TS2305: Module '"@/lib/firebaseWrapper"' has no exported member 'onSnapshot'.
src/hooks/useWebsiteConfig.ts(6,10): error TS2305: Module '"@/lib/firebaseWrapper"' has no exported member 'ref'.
src/hooks/useWebsiteConfig.ts(6,15): error TS2305: Module '"@/lib/firebaseWrapper"' has no exported member 'uploadBytes'.
src/hooks/useWebsiteConfig.ts(6,28): error TS2305: Module '"@/lib/firebaseWrapper"' has no exported member 'getDownloadURL'.
src/hooks/useWebsiteConfig.ts(57,56): error TS2554: Expected 2-3 arguments, but got 5.
src/hooks/useWebsiteConfig.ts(61,14): error TS7006: Parameter 'snapshot' implicitly has an 'any' type.
src/hooks/useWebsiteConfig.ts(69,14): error TS7006: Parameter 'error' implicitly has an 'any' type.
src/hooks/useWebsiteConfig.ts(84,60): error TS2554: Expected 2-3 arguments, but got 5.
src/hooks/useWebsiteConfig.ts(193,55): error TS2554: Expected 2-3 arguments, but got 5.
src/hooks/useWebsiteConfig.ts(194,55): error TS2554: Expected 2-3 arguments, but got 5.
src/hooks/useWebsiteConfig.ts(213,50): error TS7006: Parameter 'snapshot' implicitly has an 'any' type.
src/hooks/useWebsiteConfig.ts(220,50): error TS7006: Parameter 'snapshot' implicitly has an 'any' type.
src/hooks/useWebsitePages.ts(8,5): error TS2305: Module '"@/lib/firebaseWrapper"' has no exported member 'onSnapshot'.
src/hooks/useWebsitePages.ts(16,10): error TS2305: Module '"@/lib/firebaseWrapper"' has no exported member 'ref'.
src/hooks/useWebsitePages.ts(16,15): error TS2305: Module '"@/lib/firebaseWrapper"' has no exported member 'uploadBytes'.
src/hooks/useWebsitePages.ts(16,28): error TS2305: Module '"@/lib/firebaseWrapper"' has no exported member 'getDownloadURL'.
src/hooks/useWebsitePages.ts(52,52): error TS2554: Expected 2 arguments, but got 4.
src/hooks/useWebsitePages.ts(57,14): error TS7006: Parameter 'snapshot' implicitly has an 'any' type.
src/hooks/useWebsitePages.ts(58,54): error TS7006: Parameter 'doc' implicitly has an 'any' type.
src/hooks/useWebsitePages.ts(65,14): error TS7006: Parameter 'error' implicitly has an 'any' type.
src/hooks/useWebsitePages.ts(80,56): error TS2554: Expected 2 arguments, but got 4.
src/hooks/useWebsitePages.ts(106,58): error TS2554: Expected 2-3 arguments, but got 5.
src/hooks/useWebsitePages.ts(126,58): error TS2554: Expected 2-3 arguments, but got 5.
src/hooks/useWebsitePages.ts(196,60): error TS2554: Expected 2-3 arguments, but got 5.
src/lib/firebaseWrapper.ts(69,58): error TS2589: Type instantiation is excessively deep and possibly infinite.
src/lib/generateEstimatePdf.ts(5,10): error TS2305: Module '"@/lib/firebaseWrapper"' has no exported member 'ref'.
src/lib/generateEstimatePdf.ts(5,15): error TS2305: Module '"@/lib/firebaseWrapper"' has no exported member 'uploadBytes'.
src/lib/generateEstimatePdf.ts(5,28): error TS2305: Module '"@/lib/firebaseWrapper"' has no exported member 'getDownloadURL'.
src/lib/sampleData.ts(126,56): error TS2554: Expected 2 arguments, but got 4.
src/lib/sampleData.ts(138,59): error TS2554: Expected 2 arguments, but got 4.
src/lib/sampleData.ts(150,51): error TS2554: Expected 2 arguments, but got 6.
src/lib/seeder.ts(70,56): error TS2554: Expected 2 arguments, but got 6.
src/lib/seeder.ts(85,59): error TS2554: Expected 2 arguments, but got 6.
src/lib/storageHelpers.ts(2,10): error TS2305: Module '"@/lib/firebaseWrapper"' has no exported member 'ref'.
src/lib/storageHelpers.ts(2,15): error TS2305: Module '"@/lib/firebaseWrapper"' has no exported member 'uploadBytes'.
src/lib/storageHelpers.ts(2,28): error TS2305: Module '"@/lib/firebaseWrapper"' has no exported member 'getDownloadURL'.
